[2026-06-03 23:56:30] [info] Fetching fresh exchange rate...
[2026-06-03 23:56:30] [info] Fetching rate from hexarate
[2026-06-03 23:56:30] [info] Fetching fresh exchange rate...
[2026-06-03 23:56:30] [info] Fetching rate from hexarate
[2026-06-03 23:56:31] [info] Successfully fetched rate from hexarate: 122.75
[2026-06-03 23:56:31] [info] Successfully fetched rate from hexarate: 122.75
[2026-06-03 23:56:31] [info] Cached rate: 122.75 BDT/USD from hexarate
[2026-06-03 23:56:31] [info] Cached rate: 122.75 BDT/USD from hexarate
[2026-06-03 23:56:45] [info] Loaded cached rate: 122.75 BDT/USD
[2026-06-03 23:57:05] [info] Loaded cached rate: 122.75 BDT/USD
[2026-06-03 23:57:13] [info] Loaded cached rate: 122.75 BDT/USD
[2026-06-03 23:57:37] [info] Loaded cached rate: 122.75 BDT/USD
[2026-06-03 23:57:37] [info] Loaded cached rate: 122.75 BDT/USD
[2026-06-03 23:57:51] [info] Loaded cached rate: 122.75 BDT/USD
[2026-06-03 23:58:01] [info] Loaded cached rate: 122.75 BDT/USD
[2026-06-03 23:58:31] [info] Loaded cached rate: 122.75 BDT/USD
[2026-06-03 23:58:47] [info] Loaded cached rate: 122.75 BDT/USD
[2026-06-03 23:59:00] [info] Loaded cached rate: 122.75 BDT/USD
[2026-06-03 23:59:00] [info] Loaded cached rate: 122.75 BDT/USD
[2026-06-03 23:59:02] [info] Loaded cached rate: 122.75 BDT/USD
[2026-06-03 23:59:02] [info] Loaded cached rate: 122.75 BDT/USD
[2026-06-03 23:59:06] [info] Loaded cached rate: 122.75 BDT/USD
[2026-06-03 23:59:07] [info] Loaded cached rate: 122.75 BDT/USD
[2026-06-03 23:59:07] [info] Loaded cached rate: 122.75 BDT/USD
[2026-06-03 23:59:11] [info] Loaded cached rate: 122.75 BDT/USD
[2026-06-03 23:59:41] [info] Loaded cached rate: 122.75 BDT/USD
[2026-06-04 00:00:11] [info] Loaded cached rate: 122.75 BDT/USD
[2026-06-04 00:00:32] [info] Loaded cached rate: 122.75 BDT/USD
[2026-06-04 00:00:38] [info] Loaded cached rate: 122.75 BDT/USD
[2026-06-04 00:01:08] [info] Loaded cached rate: 122.75 BDT/USD
[2026-06-04 00:01:13] [info] Loaded cached rate: 122.75 BDT/USD
[2026-06-04 00:01:43] [info] Loaded cached rate: 122.75 BDT/USD
[2026-06-04 00:02:06] [info] Loaded cached rate: 122.75 BDT/USD
[2026-06-04 00:02:11] [info] Loaded cached rate: 122.75 BDT/USD
[2026-06-04 00:02:23] [info] Loaded cached rate: 122.75 BDT/USD
[2026-06-04 00:02:53] [info] Loaded cached rate: 122.75 BDT/USD
[2026-06-04 00:02:57] [info] Loaded cached rate: 122.75 BDT/USD
[2026-06-04 00:03:00] [info] Loaded cached rate: 122.75 BDT/USD
[2026-06-04 00:03:01] [info] Loaded cached rate: 122.75 BDT/USD
[2026-06-04 00:03:03] [info] Loaded cached rate: 122.75 BDT/USD
[2026-06-04 00:03:09] [info] Loaded cached rate: 122.75 BDT/USD
[2026-06-04 00:03:12] [info] Loaded cached rate: 122.75 BDT/USD
[2026-06-04 00:03:14] [info] Loaded cached rate: 122.75 BDT/USD
[2026-06-04 00:03:22] [info] Loaded cached rate: 122.75 BDT/USD
[2026-06-04 00:03:52] [info] Loaded cached rate: 122.75 BDT/USD
[2026-06-04 00:04:22] [info] Loaded cached rate: 122.75 BDT/USD
[2026-06-04 00:04:52] [info] Loaded cached rate: 122.75 BDT/USD
[2026-06-04 00:04:55] [info] Loaded cached rate: 122.75 BDT/USD
[2026-06-04 00:04:55] [info] Loaded cached rate: 122.75 BDT/USD
[2026-06-04 00:05:07] [info] Loaded cached rate: 122.75 BDT/USD
[2026-06-04 00:05:07] [info] Loaded cached rate: 122.75 BDT/USD
[2026-06-04 00:05:09] [info] Loaded cached rate: 122.75 BDT/USD
[2026-06-04 00:05:09] [info] Loaded cached rate: 122.75 BDT/USD
[2026-06-04 00:05:18] [info] Loaded cached rate: 122.75 BDT/USD
[2026-06-04 00:05:18] [info] Loaded cached rate: 122.75 BDT/USD
[2026-06-04 00:05:22] [info] Loaded cached rate: 122.75 BDT/USD
[2026-06-04 00:05:23] [info] Loaded cached rate: 122.75 BDT/USD
[2026-06-04 00:05:23] [info] Loaded cached rate: 122.75 BDT/USD
[2026-06-04 00:05:26] [info] Loaded cached rate: 122.75 BDT/USD
[2026-06-04 00:05:26] [info] Loaded cached rate: 122.75 BDT/USD
[2026-06-04 00:05:52] [info] Loaded cached rate: 122.75 BDT/USD
[2026-06-04 00:06:22] [info] Loaded cached rate: 122.75 BDT/USD
[2026-06-04 00:06:52] [info] Loaded cached rate: 122.75 BDT/USD
[2026-06-04 00:07:22] [info] Loaded cached rate: 122.75 BDT/USD
[2026-06-04 00:07:52] [info] Loaded cached rate: 122.75 BDT/USD
[2026-06-04 00:08:22] [info] Loaded cached rate: 122.75 BDT/USD
[2026-06-04 00:08:52] [info] Loaded cached rate: 122.75 BDT/USD
[2026-06-04 00:09:21] [info] Loaded cached rate: 122.75 BDT/USD
[2026-06-04 00:09:21] [info] Loaded cached rate: 122.75 BDT/USD
[2026-06-04 00:09:51] [info] Loaded cached rate: 122.75 BDT/USD
[2026-06-04 00:10:21] [info] Loaded cached rate: 122.75 BDT/USD
[2026-06-04 00:10:51] [info] Loaded cached rate: 122.75 BDT/USD
[2026-06-04 00:11:21] [info] Loaded cached rate: 122.75 BDT/USD
[2026-06-04 00:11:51] [info] Loaded cached rate: 122.75 BDT/USD
[2026-06-04 00:12:21] [info] Loaded cached rate: 122.75 BDT/USD
[2026-06-04 00:12:51] [info] Loaded cached rate: 122.75 BDT/USD
[2026-06-04 00:13:21] [info] Loaded cached rate: 122.75 BDT/USD
[2026-06-04 00:13:51] [info] Loaded cached rate: 122.75 BDT/USD
[2026-06-04 00:14:21] [info] Loaded cached rate: 122.75 BDT/USD
[2026-06-04 00:14:45] [info] Loaded cached rate: 122.75 BDT/USD
[2026-06-04 00:14:45] [info] Loaded cached rate: 122.75 BDT/USD
[2026-06-04 00:15:15] [info] Loaded cached rate: 122.75 BDT/USD
[2026-06-04 00:16:09] [info] Loaded cached rate: 122.75 BDT/USD
[2026-06-04 00:16:09] [info] Loaded cached rate: 122.75 BDT/USD
[2026-06-04 00:16:17] [info] Loaded cached rate: 122.75 BDT/USD
[2026-06-04 00:16:19] [info] Loaded cached rate: 122.75 BDT/USD
[2026-06-04 00:16:19] [info] Loaded cached rate: 122.75 BDT/USD
[2026-06-04 00:16:21] [info] Loaded cached rate: 122.75 BDT/USD
[2026-06-04 00:16:52] [info] Loaded cached rate: 122.75 BDT/USD
[2026-06-04 00:17:12] [info] Loaded cached rate: 122.75 BDT/USD
[2026-06-04 00:17:12] [info] Loaded cached rate: 122.75 BDT/USD
[2026-06-04 00:17:42] [info] Loaded cached rate: 122.75 BDT/USD
[2026-06-04 00:18:12] [info] Loaded cached rate: 122.75 BDT/USD
[2026-06-04 00:18:42] [info] Loaded cached rate: 122.75 BDT/USD
[2026-06-04 00:19:13] [info] Loaded cached rate: 122.75 BDT/USD
[2026-06-04 00:19:42] [info] Loaded cached rate: 122.75 BDT/USD
[2026-06-04 00:20:12] [info] Loaded cached rate: 122.75 BDT/USD
[2026-06-04 00:20:42] [info] Loaded cached rate: 122.75 BDT/USD
[2026-06-04 00:21:13] [info] Loaded cached rate: 122.75 BDT/USD
[2026-06-04 00:21:44] [info] Loaded cached rate: 122.75 BDT/USD
[2026-06-04 00:22:14] [info] Loaded cached rate: 122.75 BDT/USD
[2026-06-04 00:22:45] [info] Loaded cached rate: 122.75 BDT/USD
[2026-06-04 00:23:15] [info] Loaded cached rate: 122.75 BDT/USD
[2026-06-04 00:23:15] [info] Loaded cached rate: 122.75 BDT/USD
[2026-06-04 00:23:18] [info] Loaded cached rate: 122.75 BDT/USD
[2026-06-04 00:23:22] [info] Loaded cached rate: 122.75 BDT/USD
[2026-06-04 00:23:27] [info] Loaded cached rate: 122.75 BDT/USD
[2026-06-04 00:23:30] [info] Loaded cached rate: 122.75 BDT/USD
[2026-06-04 00:23:30] [info] Loaded cached rate: 122.75 BDT/USD
[2026-06-04 00:23:32] [info] Loaded cached rate: 122.75 BDT/USD
[2026-06-04 00:23:35] [info] Loaded cached rate: 122.75 BDT/USD
[2026-06-04 00:23:37] [info] Loaded cached rate: 122.75 BDT/USD
[2026-06-04 00:23:37] [info] Loaded cached rate: 122.75 BDT/USD
[2026-06-04 00:23:40] [info] Loaded cached rate: 122.75 BDT/USD
[2026-06-04 00:23:44] [info] Loaded cached rate: 122.75 BDT/USD
[2026-06-04 00:23:47] [info] Loaded cached rate: 122.75 BDT/USD
[2026-06-04 00:23:55] [info] Loaded cached rate: 122.75 BDT/USD
[2026-06-04 00:23:58] [info] Loaded cached rate: 122.75 BDT/USD
[2026-06-04 00:24:04] [info] Loaded cached rate: 122.75 BDT/USD
[2026-06-04 00:24:07] [info] Loaded cached rate: 122.75 BDT/USD
[2026-06-04 00:24:09] [info] Loaded cached rate: 122.75 BDT/USD
[2026-06-04 00:24:12] [info] Loaded cached rate: 122.75 BDT/USD
[2026-06-04 00:24:14] [info] Loaded cached rate: 122.75 BDT/USD
[2026-06-04 00:24:17] [info] Loaded cached rate: 122.75 BDT/USD
[2026-06-04 00:24:21] [info] Loaded cached rate: 122.75 BDT/USD
[2026-06-04 00:24:24] [info] Loaded cached rate: 122.75 BDT/USD
[2026-06-04 00:24:29] [info] Loaded cached rate: 122.75 BDT/USD
[2026-06-04 00:24:37] [info] Loaded cached rate: 122.75 BDT/USD
[2026-06-04 00:24:39] [info] Loaded cached rate: 122.75 BDT/USD
[2026-06-04 00:24:42] [info] Loaded cached rate: 122.75 BDT/USD
[2026-06-04 00:25:12] [info] Loaded cached rate: 122.75 BDT/USD
[2026-06-04 00:25:42] [info] Loaded cached rate: 122.75 BDT/USD
[2026-06-04 00:26:13] [info] Loaded cached rate: 122.75 BDT/USD
[2026-06-04 00:26:24] [info] Loaded cached rate: 122.75 BDT/USD
[2026-06-04 00:26:24] [info] Loaded cached rate: 122.75 BDT/USD
[2026-06-04 00:26:46] [info] Loaded cached rate: 122.75 BDT/USD
[2026-06-04 00:26:56] [info] Loaded cached rate: 122.75 BDT/USD
[2026-06-04 00:27:03] [info] Loaded cached rate: 122.75 BDT/USD
[2026-06-04 00:27:08] [info] Loaded cached rate: 122.75 BDT/USD
[2026-06-04 00:27:10] [info] Loaded cached rate: 122.75 BDT/USD
[2026-06-04 00:27:40] [info] Loaded cached rate: 122.75 BDT/USD
[2026-06-04 00:27:50] [info] Loaded cached rate: 122.75 BDT/USD
[2026-06-04 00:28:20] [info] Loaded cached rate: 122.75 BDT/USD
[2026-06-04 00:28:50] [info] Loaded cached rate: 122.75 BDT/USD
[2026-06-04 00:29:20] [info] Loaded cached rate: 122.75 BDT/USD
[2026-06-04 00:29:50] [info] Loaded cached rate: 122.75 BDT/USD
[2026-06-04 00:30:24] [info] Loaded cached rate: 122.75 BDT/USD
[2026-06-04 00:30:50] [info] Loaded cached rate: 122.75 BDT/USD
[2026-06-04 00:31:20] [info] Loaded cached rate: 122.75 BDT/USD
[2026-06-04 00:31:51] [info] Loaded cached rate: 122.75 BDT/USD
[2026-06-04 00:31:55] [info] Loaded cached rate: 122.75 BDT/USD
[2026-06-04 00:31:55] [info] Loaded cached rate: 122.75 BDT/USD
[2026-06-04 00:31:58] [info] Loaded cached rate: 122.75 BDT/USD
[2026-06-04 00:32:02] [info] Loaded cached rate: 122.75 BDT/USD
[2026-06-04 00:32:02] [info] Loaded cached rate: 122.75 BDT/USD
[2026-06-04 00:32:06] [info] Loaded cached rate: 122.75 BDT/USD
[2026-06-04 00:32:13] [info] Loaded cached rate: 122.75 BDT/USD
[2026-06-04 00:32:17] [info] Loaded cached rate: 122.75 BDT/USD
[2026-06-04 00:32:47] [info] Loaded cached rate: 122.75 BDT/USD
[2026-06-04 00:33:17] [info] Loaded cached rate: 122.75 BDT/USD
[2026-06-04 00:33:47] [info] Loaded cached rate: 122.75 BDT/USD
[2026-06-04 00:34:17] [info] Loaded cached rate: 122.75 BDT/USD
[2026-06-04 00:34:47] [info] Loaded cached rate: 122.75 BDT/USD
[2026-06-04 00:35:17] [info] Loaded cached rate: 122.75 BDT/USD
[2026-06-04 00:35:47] [info] Loaded cached rate: 122.75 BDT/USD
[2026-06-04 00:36:18] [info] Loaded cached rate: 122.75 BDT/USD
[2026-06-04 00:36:47] [info] Loaded cached rate: 122.75 BDT/USD
[2026-06-04 00:37:24] [info] Loaded cached rate: 122.75 BDT/USD
[2026-06-04 00:38:02] [info] Loaded cached rate: 122.75 BDT/USD
[2026-06-04 00:38:51] [info] Loaded cached rate: 122.75 BDT/USD
[2026-06-04 00:39:22] [info] Loaded cached rate: 122.75 BDT/USD
[2026-06-04 00:39:29] [info] Loaded cached rate: 122.75 BDT/USD
[2026-06-04 00:39:29] [info] Loaded cached rate: 122.75 BDT/USD
[2026-06-04 00:39:32] [info] Loaded cached rate: 122.75 BDT/USD
[2026-06-04 00:39:34] [info] Loaded cached rate: 122.75 BDT/USD
[2026-06-04 00:39:34] [info] Loaded cached rate: 122.75 BDT/USD
[2026-06-04 00:39:40] [info] Loaded cached rate: 122.75 BDT/USD
[2026-06-04 00:39:48] [info] Loaded cached rate: 122.75 BDT/USD
[2026-06-04 00:40:18] [info] Loaded cached rate: 122.75 BDT/USD
[2026-06-04 00:40:48] [info] Loaded cached rate: 122.75 BDT/USD
[2026-06-04 00:41:18] [info] Loaded cached rate: 122.75 BDT/USD
[2026-06-04 00:41:48] [info] Loaded cached rate: 122.75 BDT/USD
[2026-06-04 00:42:18] [info] Loaded cached rate: 122.75 BDT/USD
[2026-06-04 00:42:53] [info] Loaded cached rate: 122.75 BDT/USD
[2026-06-04 00:43:39] [info] Loaded cached rate: 122.75 BDT/USD
[2026-06-04 00:44:11] [info] Loaded cached rate: 122.75 BDT/USD
[2026-06-04 00:44:42] [info] Loaded cached rate: 122.75 BDT/USD
[2026-06-04 00:45:54] [info] Loaded cached rate: 122.75 BDT/USD
[2026-06-04 00:46:26] [info] Loaded cached rate: 122.75 BDT/USD
[2026-06-04 00:46:57] [info] Loaded cached rate: 122.75 BDT/USD
[2026-06-04 00:48:32] [info] Loaded cached rate: 122.75 BDT/USD
[2026-06-04 00:49:03] [info] Loaded cached rate: 122.75 BDT/USD
[2026-06-04 00:49:39] [info] Loaded cached rate: 122.75 BDT/USD
[2026-06-04 00:50:11] [info] Loaded cached rate: 122.75 BDT/USD
[2026-06-04 00:51:09] [info] Loaded cached rate: 122.75 BDT/USD
[2026-06-04 00:51:48] [info] Loaded cached rate: 122.75 BDT/USD
[2026-06-04 00:52:39] [info] Loaded cached rate: 122.75 BDT/USD
[2026-06-04 00:53:09] [info] Loaded cached rate: 122.75 BDT/USD
[2026-06-04 00:54:03] [info] Loaded cached rate: 122.75 BDT/USD
[2026-06-04 00:54:35] [info] Loaded cached rate: 122.75 BDT/USD
[2026-06-04 00:55:07] [info] Loaded cached rate: 122.75 BDT/USD
[2026-06-04 00:56:51] [info] Fetching fresh exchange rate...
[2026-06-04 00:56:51] [info] Fetching rate from hexarate
[2026-06-04 00:56:51] [info] Successfully fetched rate from hexarate: 122.75
[2026-06-04 00:56:51] [info] Cached rate: 122.75 BDT/USD from hexarate
[2026-06-04 00:57:22] [info] Loaded cached rate: 122.75 BDT/USD
[2026-06-04 00:57:54] [info] Loaded cached rate: 122.75 BDT/USD
[2026-06-04 00:58:24] [info] Loaded cached rate: 122.75 BDT/USD
[2026-06-04 00:58:56] [info] Loaded cached rate: 122.75 BDT/USD
[2026-06-04 00:59:27] [info] Loaded cached rate: 122.75 BDT/USD
[2026-06-04 01:02:58] [info] Loaded cached rate: 122.75 BDT/USD
[2026-06-04 01:03:45] [info] Loaded cached rate: 122.75 BDT/USD
[2026-06-04 01:04:17] [info] Loaded cached rate: 122.75 BDT/USD
[2026-06-04 01:05:12] [info] Loaded cached rate: 122.75 BDT/USD
[2026-06-04 01:05:49] [info] Loaded cached rate: 122.75 BDT/USD
[2026-06-04 01:06:38] [info] Loaded cached rate: 122.75 BDT/USD
[2026-06-07 00:32:31] [info] Fetching fresh exchange rate...
[2026-06-07 00:32:31] [info] Fetching rate from hexarate
[2026-06-07 00:32:32] [info] Successfully fetched rate from hexarate: 122.75
[2026-06-07 00:32:32] [info] Cached rate: 122.75 BDT/USD from hexarate
[2026-06-07 00:32:32] [info] Loaded cached rate: 122.75 BDT/USD
[2026-06-07 00:33:01] [info] Loaded cached rate: 122.75 BDT/USD
[2026-06-07 00:33:29] [info] Loaded cached rate: 122.75 BDT/USD
[2026-06-07 00:33:29] [info] Loaded cached rate: 122.75 BDT/USD
[2026-06-07 00:33:59] [info] Loaded cached rate: 122.75 BDT/USD
[2026-06-07 00:34:29] [info] Loaded cached rate: 122.75 BDT/USD
[2026-06-07 00:34:51] [info] Loaded cached rate: 122.75 BDT/USD
[2026-06-07 00:34:51] [info] Loaded cached rate: 122.75 BDT/USD
[2026-06-07 00:34:56] [info] Loaded cached rate: 122.75 BDT/USD
[2026-06-07 00:34:56] [info] Loaded cached rate: 122.75 BDT/USD
[2026-06-07 00:34:59] [info] Loaded cached rate: 122.75 BDT/USD
[2026-06-07 00:34:59] [info] Loaded cached rate: 122.75 BDT/USD
[2026-06-07 00:35:04] [info] Loaded cached rate: 122.75 BDT/USD
[2026-06-07 00:35:04] [info] Loaded cached rate: 122.75 BDT/USD
[2026-06-07 00:35:34] [info] Loaded cached rate: 122.75 BDT/USD
[2026-06-07 00:36:04] [info] Loaded cached rate: 122.75 BDT/USD
[2026-06-07 00:36:34] [info] Loaded cached rate: 122.75 BDT/USD
[2026-06-07 00:37:04] [info] Loaded cached rate: 122.75 BDT/USD
[2026-06-07 00:37:34] [info] Loaded cached rate: 122.75 BDT/USD
[2026-06-07 00:37:48] [info] Loaded cached rate: 122.75 BDT/USD
[2026-06-07 00:37:48] [info] Loaded cached rate: 122.75 BDT/USD
[2026-06-07 00:37:50] [info] Loaded cached rate: 122.75 BDT/USD
[2026-06-07 00:37:50] [info] Loaded cached rate: 122.75 BDT/USD
[2026-06-07 00:37:51] [info] Loaded cached rate: 122.75 BDT/USD
[2026-06-07 00:37:51] [info] Loaded cached rate: 122.75 BDT/USD
[2026-06-07 00:37:51] [info] Loaded cached rate: 122.75 BDT/USD
[2026-06-07 00:37:51] [info] Loaded cached rate: 122.75 BDT/USD
[2026-06-07 00:37:59] [info] Loaded cached rate: 122.75 BDT/USD
[2026-06-07 00:38:29] [info] Loaded cached rate: 122.75 BDT/USD
[2026-06-07 00:38:59] [info] Loaded cached rate: 122.75 BDT/USD
[2026-06-07 00:39:38] [info] Loaded cached rate: 122.75 BDT/USD
[2026-06-07 00:39:59] [info] Loaded cached rate: 122.75 BDT/USD
[2026-06-07 00:40:29] [info] Loaded cached rate: 122.75 BDT/USD
[2026-06-07 00:41:38] [info] Loaded cached rate: 122.75 BDT/USD
[2026-06-07 00:42:26] [info] Loaded cached rate: 122.75 BDT/USD
[2026-06-07 00:42:26] [info] Loaded cached rate: 122.75 BDT/USD
[2026-06-07 00:42:38] [info] Loaded cached rate: 122.75 BDT/USD
[2026-06-07 00:42:56] [info] Loaded cached rate: 122.75 BDT/USD
[2026-06-07 00:43:26] [info] Loaded cached rate: 122.75 BDT/USD
[2026-06-07 00:43:27] [info] Loaded cached rate: 122.75 BDT/USD
[2026-06-07 00:43:27] [info] Loaded cached rate: 122.75 BDT/USD
[2026-06-07 00:43:31] [info] Loaded cached rate: 122.75 BDT/USD
[2026-06-07 00:43:31] [info] Loaded cached rate: 122.75 BDT/USD
[2026-06-07 00:43:38] [info] Loaded cached rate: 122.75 BDT/USD
[2026-06-07 00:44:01] [info] Loaded cached rate: 122.75 BDT/USD
[2026-06-07 00:44:24] [info] Loaded cached rate: 122.75 BDT/USD
[2026-06-07 00:44:24] [info] Loaded cached rate: 122.75 BDT/USD
[2026-06-07 00:44:38] [info] Loaded cached rate: 122.75 BDT/USD
[2026-06-07 00:44:54] [info] Loaded cached rate: 122.75 BDT/USD
[2026-06-07 00:45:24] [info] Loaded cached rate: 122.75 BDT/USD
[2026-06-07 00:45:38] [info] Loaded cached rate: 122.75 BDT/USD
[2026-06-07 00:45:54] [info] Loaded cached rate: 122.75 BDT/USD
[2026-06-07 00:46:24] [info] Loaded cached rate: 122.75 BDT/USD
[2026-06-07 00:46:38] [info] Loaded cached rate: 122.75 BDT/USD
[2026-06-07 00:46:54] [info] Loaded cached rate: 122.75 BDT/USD
[2026-06-07 00:47:24] [info] Loaded cached rate: 122.75 BDT/USD
[2026-06-07 00:47:38] [info] Loaded cached rate: 122.75 BDT/USD
[2026-06-07 00:47:54] [info] Loaded cached rate: 122.75 BDT/USD
[2026-06-07 00:48:24] [info] Loaded cached rate: 122.75 BDT/USD
[2026-06-07 00:48:38] [info] Loaded cached rate: 122.75 BDT/USD
[2026-06-07 00:48:54] [info] Loaded cached rate: 122.75 BDT/USD
[2026-06-07 00:49:24] [info] Loaded cached rate: 122.75 BDT/USD
[2026-06-07 00:49:38] [info] Loaded cached rate: 122.75 BDT/USD
[2026-06-07 00:49:54] [info] Loaded cached rate: 122.75 BDT/USD
[2026-06-07 00:50:24] [info] Loaded cached rate: 122.75 BDT/USD
[2026-06-07 00:50:38] [info] Loaded cached rate: 122.75 BDT/USD
[2026-06-07 00:50:54] [info] Loaded cached rate: 122.75 BDT/USD
[2026-06-07 00:51:24] [info] Loaded cached rate: 122.75 BDT/USD
[2026-06-07 00:51:38] [info] Loaded cached rate: 122.75 BDT/USD
[2026-06-07 00:51:54] [info] Loaded cached rate: 122.75 BDT/USD
[2026-06-07 00:52:24] [info] Loaded cached rate: 122.75 BDT/USD
[2026-06-07 00:52:38] [info] Loaded cached rate: 122.75 BDT/USD
[2026-06-07 00:52:54] [info] Loaded cached rate: 122.75 BDT/USD
[2026-06-07 00:53:24] [info] Loaded cached rate: 122.75 BDT/USD
[2026-06-07 00:53:38] [info] Loaded cached rate: 122.75 BDT/USD
[2026-06-07 00:53:54] [info] Loaded cached rate: 122.75 BDT/USD
[2026-06-07 00:54:24] [info] Loaded cached rate: 122.75 BDT/USD
[2026-06-07 00:54:38] [info] Loaded cached rate: 122.75 BDT/USD
[2026-06-07 00:54:54] [info] Loaded cached rate: 122.75 BDT/USD
[2026-06-07 00:55:24] [info] Loaded cached rate: 122.75 BDT/USD
[2026-06-07 00:55:38] [info] Loaded cached rate: 122.75 BDT/USD
[2026-06-07 00:55:54] [info] Loaded cached rate: 122.75 BDT/USD
[2026-06-07 00:56:24] [info] Loaded cached rate: 122.75 BDT/USD
[2026-06-07 00:56:38] [info] Loaded cached rate: 122.75 BDT/USD
[2026-06-07 00:56:54] [info] Loaded cached rate: 122.75 BDT/USD
[2026-06-07 00:57:24] [info] Loaded cached rate: 122.75 BDT/USD
[2026-06-07 00:57:38] [info] Loaded cached rate: 122.75 BDT/USD
[2026-06-07 00:57:54] [info] Loaded cached rate: 122.75 BDT/USD
[2026-06-07 00:58:24] [info] Loaded cached rate: 122.75 BDT/USD
[2026-06-07 00:58:38] [info] Loaded cached rate: 122.75 BDT/USD
[2026-06-07 00:58:54] [info] Loaded cached rate: 122.75 BDT/USD
[2026-06-07 00:59:24] [info] Loaded cached rate: 122.75 BDT/USD
[2026-06-07 00:59:38] [info] Loaded cached rate: 122.75 BDT/USD
[2026-06-07 00:59:54] [info] Loaded cached rate: 122.75 BDT/USD
[2026-06-07 01:00:24] [info] Loaded cached rate: 122.75 BDT/USD
[2026-06-07 01:00:38] [info] Loaded cached rate: 122.75 BDT/USD
[2026-06-07 01:00:54] [info] Loaded cached rate: 122.75 BDT/USD
[2026-06-07 01:01:24] [info] Loaded cached rate: 122.75 BDT/USD
[2026-06-07 01:01:38] [info] Loaded cached rate: 122.75 BDT/USD
[2026-06-07 01:01:54] [info] Loaded cached rate: 122.75 BDT/USD
[2026-06-07 01:02:24] [info] Loaded cached rate: 122.75 BDT/USD
[2026-06-07 01:02:38] [info] Loaded cached rate: 122.75 BDT/USD
[2026-06-07 01:02:54] [info] Loaded cached rate: 122.75 BDT/USD
[2026-06-07 01:03:24] [info] Loaded cached rate: 122.75 BDT/USD
[2026-06-07 01:03:38] [info] Loaded cached rate: 122.75 BDT/USD
[2026-06-07 01:03:54] [info] Loaded cached rate: 122.75 BDT/USD
[2026-06-07 01:04:24] [info] Loaded cached rate: 122.75 BDT/USD
[2026-06-07 01:04:38] [info] Loaded cached rate: 122.75 BDT/USD
[2026-06-07 01:04:54] [info] Loaded cached rate: 122.75 BDT/USD
[2026-06-07 01:05:06] [info] Loaded cached rate: 122.75 BDT/USD
[2026-06-07 01:05:06] [info] Loaded cached rate: 122.75 BDT/USD
[2026-06-07 01:05:09] [info] Loaded cached rate: 122.75 BDT/USD
[2026-06-07 01:05:09] [info] Loaded cached rate: 122.75 BDT/USD
[2026-06-07 01:05:11] [info] Loaded cached rate: 122.75 BDT/USD
[2026-06-07 01:05:11] [info] Loaded cached rate: 122.75 BDT/USD
[2026-06-07 01:05:25] [info] Loaded cached rate: 122.75 BDT/USD
[2026-06-07 01:05:25] [info] Loaded cached rate: 122.75 BDT/USD
[2026-06-07 01:05:38] [info] Loaded cached rate: 122.75 BDT/USD
[2026-06-07 01:05:39] [info] Loaded cached rate: 122.75 BDT/USD
[2026-06-07 01:05:39] [info] Loaded cached rate: 122.75 BDT/USD
[2026-06-07 01:05:41] [info] Loaded cached rate: 122.75 BDT/USD
[2026-06-07 01:05:41] [info] Loaded cached rate: 122.75 BDT/USD
[2026-06-07 01:05:55] [info] Loaded cached rate: 122.75 BDT/USD
[2026-06-07 01:05:55] [info] Loaded cached rate: 122.75 BDT/USD
[2026-06-07 01:06:11] [info] Loaded cached rate: 122.75 BDT/USD
[2026-06-07 01:06:26] [info] Loaded cached rate: 122.75 BDT/USD
[2026-06-07 01:06:38] [info] Loaded cached rate: 122.75 BDT/USD
[2026-06-07 01:06:41] [info] Loaded cached rate: 122.75 BDT/USD
[2026-06-07 01:06:56] [info] Loaded cached rate: 122.75 BDT/USD
[2026-06-07 01:07:11] [info] Loaded cached rate: 122.75 BDT/USD
[2026-06-07 01:07:26] [info] Loaded cached rate: 122.75 BDT/USD
[2026-06-07 01:07:38] [info] Loaded cached rate: 122.75 BDT/USD
[2026-06-07 01:07:41] [info] Loaded cached rate: 122.75 BDT/USD
[2026-06-07 01:07:56] [info] Loaded cached rate: 122.75 BDT/USD
[2026-06-07 01:08:11] [info] Loaded cached rate: 122.75 BDT/USD
[2026-06-07 01:08:26] [info] Loaded cached rate: 122.75 BDT/USD
[2026-06-07 01:08:38] [info] Loaded cached rate: 122.75 BDT/USD
[2026-06-07 01:08:41] [info] Loaded cached rate: 122.75 BDT/USD
[2026-06-07 01:08:56] [info] Loaded cached rate: 122.75 BDT/USD
[2026-06-07 01:09:38] [info] Loaded cached rate: 122.75 BDT/USD
[2026-06-07 01:09:38] [info] Loaded cached rate: 122.75 BDT/USD
[2026-06-07 01:09:38] [info] Loaded cached rate: 122.75 BDT/USD
[2026-06-07 01:10:38] [info] Loaded cached rate: 122.75 BDT/USD
[2026-06-07 01:10:38] [info] Loaded cached rate: 122.75 BDT/USD
[2026-06-07 01:10:38] [info] Loaded cached rate: 122.75 BDT/USD
[2026-06-07 01:11:38] [info] Loaded cached rate: 122.75 BDT/USD
[2026-06-07 01:11:38] [info] Loaded cached rate: 122.75 BDT/USD
[2026-06-07 01:11:38] [info] Loaded cached rate: 122.75 BDT/USD
[2026-06-07 01:12:38] [info] Loaded cached rate: 122.75 BDT/USD
[2026-06-07 01:12:38] [info] Loaded cached rate: 122.75 BDT/USD
[2026-06-07 01:12:38] [info] Loaded cached rate: 122.75 BDT/USD
[2026-06-07 01:13:17] [info] Loaded cached rate: 122.75 BDT/USD
[2026-06-07 01:13:18] [info] Loaded cached rate: 122.75 BDT/USD
[2026-06-07 01:13:20] [info] Loaded cached rate: 122.75 BDT/USD
[2026-06-07 01:13:26] [info] Loaded cached rate: 122.75 BDT/USD
[2026-06-07 01:13:29] [info] Loaded cached rate: 122.75 BDT/USD
[2026-06-07 01:13:41] [info] Loaded cached rate: 122.75 BDT/USD
[2026-06-07 01:13:56] [info] Loaded cached rate: 122.75 BDT/USD
[2026-06-07 01:13:59] [info] Loaded cached rate: 122.75 BDT/USD
[2026-06-07 01:14:11] [info] Loaded cached rate: 122.75 BDT/USD
[2026-06-07 01:14:29] [info] Loaded cached rate: 122.75 BDT/USD
[2026-06-07 01:14:38] [info] Loaded cached rate: 122.75 BDT/USD
[2026-06-07 01:15:38] [info] Loaded cached rate: 122.75 BDT/USD
[2026-06-07 01:15:38] [info] Loaded cached rate: 122.75 BDT/USD
[2026-06-07 01:15:38] [info] Loaded cached rate: 122.75 BDT/USD
[2026-06-07 01:16:38] [info] Loaded cached rate: 122.75 BDT/USD
[2026-06-07 01:16:38] [info] Loaded cached rate: 122.75 BDT/USD
[2026-06-07 01:16:38] [info] Loaded cached rate: 122.75 BDT/USD
[2026-06-07 01:17:38] [info] Loaded cached rate: 122.75 BDT/USD
[2026-06-07 01:17:38] [info] Loaded cached rate: 122.75 BDT/USD
[2026-06-07 01:17:38] [info] Loaded cached rate: 122.75 BDT/USD
[2026-06-07 01:18:38] [info] Loaded cached rate: 122.75 BDT/USD
[2026-06-07 01:18:38] [info] Loaded cached rate: 122.75 BDT/USD
[2026-06-07 01:18:38] [info] Loaded cached rate: 122.75 BDT/USD
[2026-06-07 01:19:38] [info] Loaded cached rate: 122.75 BDT/USD
[2026-06-07 01:19:38] [info] Loaded cached rate: 122.75 BDT/USD
[2026-06-07 01:19:38] [info] Loaded cached rate: 122.75 BDT/USD
[2026-06-07 01:20:38] [info] Loaded cached rate: 122.75 BDT/USD
[2026-06-07 01:20:38] [info] Loaded cached rate: 122.75 BDT/USD
[2026-06-07 01:20:38] [info] Loaded cached rate: 122.75 BDT/USD
[2026-06-07 01:21:38] [info] Loaded cached rate: 122.75 BDT/USD
[2026-06-07 01:21:38] [info] Loaded cached rate: 122.75 BDT/USD
[2026-06-07 01:21:38] [info] Loaded cached rate: 122.75 BDT/USD
[2026-06-07 01:22:38] [info] Loaded cached rate: 122.75 BDT/USD
[2026-06-07 01:22:38] [info] Loaded cached rate: 122.75 BDT/USD
[2026-06-07 01:22:38] [info] Loaded cached rate: 122.75 BDT/USD
[2026-06-07 01:23:05] [info] Loaded cached rate: 122.75 BDT/USD
[2026-06-07 01:23:07] [info] Loaded cached rate: 122.75 BDT/USD
[2026-06-07 01:23:07] [info] Loaded cached rate: 122.75 BDT/USD
[2026-06-07 01:23:11] [info] Loaded cached rate: 122.75 BDT/USD
[2026-06-07 01:23:26] [info] Loaded cached rate: 122.75 BDT/USD
[2026-06-07 01:23:29] [info] Loaded cached rate: 122.75 BDT/USD
[2026-06-07 01:23:41] [info] Loaded cached rate: 122.75 BDT/USD
[2026-06-07 01:23:56] [info] Loaded cached rate: 122.75 BDT/USD
[2026-06-07 01:23:59] [info] Loaded cached rate: 122.75 BDT/USD
[2026-06-07 01:24:38] [info] Loaded cached rate: 122.75 BDT/USD
[2026-06-07 01:24:38] [info] Loaded cached rate: 122.75 BDT/USD
[2026-06-07 01:24:38] [info] Loaded cached rate: 122.75 BDT/USD
[2026-06-07 01:25:38] [info] Loaded cached rate: 122.75 BDT/USD
[2026-06-07 01:25:38] [info] Loaded cached rate: 122.75 BDT/USD
[2026-06-07 01:25:38] [info] Loaded cached rate: 122.75 BDT/USD
[2026-06-07 01:26:38] [info] Loaded cached rate: 122.75 BDT/USD
[2026-06-07 01:26:38] [info] Loaded cached rate: 122.75 BDT/USD
[2026-06-07 01:26:38] [info] Loaded cached rate: 122.75 BDT/USD
[2026-06-07 01:27:38] [info] Loaded cached rate: 122.75 BDT/USD
[2026-06-07 01:27:38] [info] Loaded cached rate: 122.75 BDT/USD
[2026-06-07 01:27:38] [info] Loaded cached rate: 122.75 BDT/USD
[2026-06-07 01:28:38] [info] Loaded cached rate: 122.75 BDT/USD
[2026-06-07 01:28:38] [info] Loaded cached rate: 122.75 BDT/USD
[2026-06-07 01:28:38] [info] Loaded cached rate: 122.75 BDT/USD
[2026-06-07 01:29:38] [info] Loaded cached rate: 122.75 BDT/USD
[2026-06-07 01:29:38] [info] Loaded cached rate: 122.75 BDT/USD
[2026-06-07 01:29:38] [info] Loaded cached rate: 122.75 BDT/USD
[2026-06-07 01:30:38] [info] Loaded cached rate: 122.75 BDT/USD
[2026-06-07 01:30:38] [info] Loaded cached rate: 122.75 BDT/USD
[2026-06-07 01:30:38] [info] Loaded cached rate: 122.75 BDT/USD
[2026-06-07 01:31:38] [info] Loaded cached rate: 122.75 BDT/USD
[2026-06-07 01:31:38] [info] Loaded cached rate: 122.75 BDT/USD
[2026-06-07 01:31:38] [info] Loaded cached rate: 122.75 BDT/USD
[2026-06-07 01:32:38] [info] Fetching fresh exchange rate...
[2026-06-07 01:32:38] [info] Fetching rate from hexarate
[2026-06-07 01:32:38] [info] Fetching fresh exchange rate...
[2026-06-07 01:32:38] [info] Fetching rate from hexarate
[2026-06-07 01:32:38] [info] Fetching fresh exchange rate...
[2026-06-07 01:32:38] [info] Fetching rate from hexarate
[2026-06-07 01:32:38] [info] Successfully fetched rate from hexarate: 122.75
[2026-06-07 01:32:38] [info] Cached rate: 122.75 BDT/USD from hexarate
[2026-06-07 01:32:39] [info] Successfully fetched rate from hexarate: 122.75
[2026-06-07 01:32:39] [info] Successfully fetched rate from hexarate: 122.75
[2026-06-07 01:32:39] [info] Cached rate: 122.75 BDT/USD from hexarate
[2026-06-07 01:32:39] [info] Cached rate: 122.75 BDT/USD from hexarate
[2026-06-07 01:33:38] [info] Loaded cached rate: 122.75 BDT/USD
[2026-06-07 01:33:38] [info] Loaded cached rate: 122.75 BDT/USD
[2026-06-07 01:33:38] [info] Loaded cached rate: 122.75 BDT/USD
[2026-06-07 01:34:38] [info] Loaded cached rate: 122.75 BDT/USD
[2026-06-07 01:34:38] [info] Loaded cached rate: 122.75 BDT/USD
[2026-06-07 01:34:38] [info] Loaded cached rate: 122.75 BDT/USD
[2026-06-07 01:35:38] [info] Loaded cached rate: 122.75 BDT/USD
[2026-06-07 01:35:38] [info] Loaded cached rate: 122.75 BDT/USD
[2026-06-07 01:35:38] [info] Loaded cached rate: 122.75 BDT/USD
[2026-06-07 01:36:38] [info] Loaded cached rate: 122.75 BDT/USD
[2026-06-07 01:36:38] [info] Loaded cached rate: 122.75 BDT/USD
[2026-06-07 01:36:38] [info] Loaded cached rate: 122.75 BDT/USD
[2026-06-07 01:37:38] [info] Loaded cached rate: 122.75 BDT/USD
[2026-06-07 01:37:38] [info] Loaded cached rate: 122.75 BDT/USD
[2026-06-07 01:37:38] [info] Loaded cached rate: 122.75 BDT/USD
[2026-06-07 01:38:38] [info] Loaded cached rate: 122.75 BDT/USD
[2026-06-07 01:38:38] [info] Loaded cached rate: 122.75 BDT/USD
[2026-06-07 01:38:38] [info] Loaded cached rate: 122.75 BDT/USD
[2026-06-07 01:39:38] [info] Loaded cached rate: 122.75 BDT/USD
[2026-06-07 01:39:38] [info] Loaded cached rate: 122.75 BDT/USD
[2026-06-07 01:39:38] [info] Loaded cached rate: 122.75 BDT/USD
[2026-06-07 01:40:38] [info] Loaded cached rate: 122.75 BDT/USD
[2026-06-07 01:40:38] [info] Loaded cached rate: 122.75 BDT/USD
[2026-06-07 01:40:38] [info] Loaded cached rate: 122.75 BDT/USD
[2026-06-07 01:41:38] [info] Loaded cached rate: 122.75 BDT/USD
[2026-06-07 01:41:38] [info] Loaded cached rate: 122.75 BDT/USD
[2026-06-07 01:41:38] [info] Loaded cached rate: 122.75 BDT/USD
[2026-06-07 01:42:38] [info] Loaded cached rate: 122.75 BDT/USD
[2026-06-07 01:42:38] [info] Loaded cached rate: 122.75 BDT/USD
[2026-06-07 01:42:38] [info] Loaded cached rate: 122.75 BDT/USD
[2026-06-07 01:43:38] [info] Loaded cached rate: 122.75 BDT/USD
[2026-06-07 01:43:38] [info] Loaded cached rate: 122.75 BDT/USD
[2026-06-07 01:43:38] [info] Loaded cached rate: 122.75 BDT/USD
[2026-06-07 01:44:38] [info] Loaded cached rate: 122.75 BDT/USD
[2026-06-07 01:44:38] [info] Loaded cached rate: 122.75 BDT/USD
[2026-06-07 01:44:38] [info] Loaded cached rate: 122.75 BDT/USD
[2026-06-07 01:45:21] [info] Loaded cached rate: 122.75 BDT/USD
[2026-06-07 01:45:29] [info] Loaded cached rate: 122.75 BDT/USD
[2026-06-07 01:45:38] [info] Loaded cached rate: 122.75 BDT/USD
[2026-06-07 01:45:38] [info] Loaded cached rate: 122.75 BDT/USD
[2026-06-07 01:45:59] [info] Loaded cached rate: 122.75 BDT/USD
[2026-06-07 01:46:38] [info] Loaded cached rate: 122.75 BDT/USD
[2026-06-07 01:46:38] [info] Loaded cached rate: 122.75 BDT/USD
[2026-06-07 01:46:38] [info] Loaded cached rate: 122.75 BDT/USD
[2026-06-07 01:47:38] [info] Loaded cached rate: 122.75 BDT/USD
[2026-06-07 01:47:38] [info] Loaded cached rate: 122.75 BDT/USD
[2026-06-07 01:47:38] [info] Loaded cached rate: 122.75 BDT/USD
[2026-06-07 01:48:38] [info] Loaded cached rate: 122.75 BDT/USD
[2026-06-07 01:48:38] [info] Loaded cached rate: 122.75 BDT/USD
[2026-06-07 01:48:38] [info] Loaded cached rate: 122.75 BDT/USD
[2026-06-07 01:49:38] [info] Loaded cached rate: 122.75 BDT/USD
[2026-06-07 01:49:38] [info] Loaded cached rate: 122.75 BDT/USD
[2026-06-07 01:49:38] [info] Loaded cached rate: 122.75 BDT/USD
[2026-06-07 01:50:38] [info] Loaded cached rate: 122.75 BDT/USD
[2026-06-07 01:50:38] [info] Loaded cached rate: 122.75 BDT/USD
[2026-06-07 01:50:38] [info] Loaded cached rate: 122.75 BDT/USD
[2026-06-07 01:51:38] [info] Loaded cached rate: 122.75 BDT/USD
[2026-06-07 01:51:38] [info] Loaded cached rate: 122.75 BDT/USD
[2026-06-07 01:51:38] [info] Loaded cached rate: 122.75 BDT/USD
[2026-06-07 01:52:38] [info] Loaded cached rate: 122.75 BDT/USD
[2026-06-07 01:52:38] [info] Loaded cached rate: 122.75 BDT/USD
[2026-06-07 01:52:38] [info] Loaded cached rate: 122.75 BDT/USD
[2026-06-07 01:53:38] [info] Loaded cached rate: 122.75 BDT/USD
[2026-06-07 01:53:38] [info] Loaded cached rate: 122.75 BDT/USD
[2026-06-07 01:53:38] [info] Loaded cached rate: 122.75 BDT/USD
[2026-06-07 01:54:38] [info] Loaded cached rate: 122.75 BDT/USD
[2026-06-07 01:54:38] [info] Loaded cached rate: 122.75 BDT/USD
[2026-06-07 01:54:38] [info] Loaded cached rate: 122.75 BDT/USD
[2026-06-07 01:55:38] [info] Loaded cached rate: 122.75 BDT/USD
[2026-06-07 01:55:38] [info] Loaded cached rate: 122.75 BDT/USD
[2026-06-07 01:55:38] [info] Loaded cached rate: 122.75 BDT/USD
[2026-06-07 01:56:38] [info] Loaded cached rate: 122.75 BDT/USD
[2026-06-07 01:56:38] [info] Loaded cached rate: 122.75 BDT/USD
[2026-06-07 01:56:38] [info] Loaded cached rate: 122.75 BDT/USD
[2026-06-07 01:57:38] [info] Loaded cached rate: 122.75 BDT/USD
[2026-06-07 01:57:38] [info] Loaded cached rate: 122.75 BDT/USD
[2026-06-07 01:57:38] [info] Loaded cached rate: 122.75 BDT/USD
[2026-06-07 01:58:38] [info] Loaded cached rate: 122.75 BDT/USD
[2026-06-07 01:58:38] [info] Loaded cached rate: 122.75 BDT/USD
[2026-06-07 01:58:38] [info] Loaded cached rate: 122.75 BDT/USD
[2026-06-07 01:59:38] [info] Loaded cached rate: 122.75 BDT/USD
[2026-06-07 01:59:38] [info] Loaded cached rate: 122.75 BDT/USD
[2026-06-07 01:59:38] [info] Loaded cached rate: 122.75 BDT/USD
[2026-06-07 02:00:38] [info] Loaded cached rate: 122.75 BDT/USD
[2026-06-07 02:00:38] [info] Loaded cached rate: 122.75 BDT/USD
[2026-06-07 02:00:38] [info] Loaded cached rate: 122.75 BDT/USD
[2026-06-07 02:01:38] [info] Loaded cached rate: 122.75 BDT/USD
[2026-06-07 02:01:38] [info] Loaded cached rate: 122.75 BDT/USD
[2026-06-07 02:01:38] [info] Loaded cached rate: 122.75 BDT/USD
[2026-06-07 02:02:38] [info] Loaded cached rate: 122.75 BDT/USD
[2026-06-07 02:02:38] [info] Loaded cached rate: 122.75 BDT/USD
[2026-06-07 02:02:38] [info] Loaded cached rate: 122.75 BDT/USD
[2026-06-07 02:03:38] [info] Loaded cached rate: 122.75 BDT/USD
[2026-06-07 02:03:38] [info] Loaded cached rate: 122.75 BDT/USD
[2026-06-07 02:03:38] [info] Loaded cached rate: 122.75 BDT/USD
[2026-06-07 02:04:38] [info] Loaded cached rate: 122.75 BDT/USD
[2026-06-07 02:04:38] [info] Loaded cached rate: 122.75 BDT/USD
[2026-06-07 02:04:38] [info] Loaded cached rate: 122.75 BDT/USD
[2026-06-07 02:05:38] [info] Loaded cached rate: 122.75 BDT/USD
[2026-06-07 02:05:38] [info] Loaded cached rate: 122.75 BDT/USD
[2026-06-07 02:05:38] [info] Loaded cached rate: 122.75 BDT/USD
[2026-06-07 02:06:38] [info] Loaded cached rate: 122.75 BDT/USD
[2026-06-07 02:06:38] [info] Loaded cached rate: 122.75 BDT/USD
[2026-06-07 02:06:38] [info] Loaded cached rate: 122.75 BDT/USD
[2026-06-07 02:07:38] [info] Loaded cached rate: 122.75 BDT/USD
[2026-06-07 02:07:38] [info] Loaded cached rate: 122.75 BDT/USD
[2026-06-07 02:07:38] [info] Loaded cached rate: 122.75 BDT/USD
[2026-06-07 02:08:38] [info] Loaded cached rate: 122.75 BDT/USD
[2026-06-07 02:08:38] [info] Loaded cached rate: 122.75 BDT/USD
[2026-06-07 02:08:38] [info] Loaded cached rate: 122.75 BDT/USD
[2026-06-07 02:09:38] [info] Loaded cached rate: 122.75 BDT/USD
[2026-06-07 02:09:38] [info] Loaded cached rate: 122.75 BDT/USD
[2026-06-07 02:09:38] [info] Loaded cached rate: 122.75 BDT/USD
[2026-06-07 02:10:38] [info] Loaded cached rate: 122.75 BDT/USD
[2026-06-07 02:10:38] [info] Loaded cached rate: 122.75 BDT/USD
[2026-06-07 02:10:38] [info] Loaded cached rate: 122.75 BDT/USD
[2026-06-07 02:11:38] [info] Loaded cached rate: 122.75 BDT/USD
[2026-06-07 02:11:38] [info] Loaded cached rate: 122.75 BDT/USD
[2026-06-07 02:11:38] [info] Loaded cached rate: 122.75 BDT/USD
[2026-06-07 02:12:38] [info] Loaded cached rate: 122.75 BDT/USD
[2026-06-07 02:12:38] [info] Loaded cached rate: 122.75 BDT/USD
[2026-06-07 02:12:38] [info] Loaded cached rate: 122.75 BDT/USD
[2026-06-07 02:13:38] [info] Loaded cached rate: 122.75 BDT/USD
[2026-06-07 02:13:38] [info] Loaded cached rate: 122.75 BDT/USD
[2026-06-07 02:13:38] [info] Loaded cached rate: 122.75 BDT/USD
[2026-06-07 02:14:38] [info] Loaded cached rate: 122.75 BDT/USD
[2026-06-07 02:14:38] [info] Loaded cached rate: 122.75 BDT/USD
[2026-06-07 02:14:38] [info] Loaded cached rate: 122.75 BDT/USD
[2026-06-07 02:15:38] [info] Loaded cached rate: 122.75 BDT/USD
[2026-06-07 02:15:38] [info] Loaded cached rate: 122.75 BDT/USD
[2026-06-07 02:15:38] [info] Loaded cached rate: 122.75 BDT/USD
[2026-06-07 02:16:38] [info] Loaded cached rate: 122.75 BDT/USD
[2026-06-07 02:16:38] [info] Loaded cached rate: 122.75 BDT/USD
[2026-06-07 02:16:38] [info] Loaded cached rate: 122.75 BDT/USD
[2026-06-07 02:17:38] [info] Loaded cached rate: 122.75 BDT/USD
[2026-06-07 02:17:38] [info] Loaded cached rate: 122.75 BDT/USD
[2026-06-07 02:17:38] [info] Loaded cached rate: 122.75 BDT/USD
[2026-06-07 02:18:38] [info] Loaded cached rate: 122.75 BDT/USD
[2026-06-07 02:18:38] [info] Loaded cached rate: 122.75 BDT/USD
[2026-06-07 02:18:38] [info] Loaded cached rate: 122.75 BDT/USD
[2026-06-07 02:19:38] [info] Loaded cached rate: 122.75 BDT/USD
[2026-06-07 02:19:38] [info] Loaded cached rate: 122.75 BDT/USD
[2026-06-07 02:19:38] [info] Loaded cached rate: 122.75 BDT/USD
[2026-06-07 02:20:38] [info] Loaded cached rate: 122.75 BDT/USD
[2026-06-07 02:20:38] [info] Loaded cached rate: 122.75 BDT/USD
[2026-06-07 02:20:38] [info] Loaded cached rate: 122.75 BDT/USD
[2026-06-07 02:21:38] [info] Loaded cached rate: 122.75 BDT/USD
[2026-06-07 02:21:38] [info] Loaded cached rate: 122.75 BDT/USD
[2026-06-07 02:21:38] [info] Loaded cached rate: 122.75 BDT/USD
[2026-06-07 02:22:38] [info] Loaded cached rate: 122.75 BDT/USD
[2026-06-07 02:22:38] [info] Loaded cached rate: 122.75 BDT/USD
[2026-06-07 02:22:38] [info] Loaded cached rate: 122.75 BDT/USD
[2026-06-07 02:23:38] [info] Loaded cached rate: 122.75 BDT/USD
[2026-06-07 02:23:38] [info] Loaded cached rate: 122.75 BDT/USD
[2026-06-07 02:23:38] [info] Loaded cached rate: 122.75 BDT/USD
[2026-06-07 02:24:38] [info] Loaded cached rate: 122.75 BDT/USD
[2026-06-07 02:24:38] [info] Loaded cached rate: 122.75 BDT/USD
[2026-06-07 02:24:38] [info] Loaded cached rate: 122.75 BDT/USD
[2026-06-07 02:25:38] [info] Loaded cached rate: 122.75 BDT/USD
[2026-06-07 02:25:38] [info] Loaded cached rate: 122.75 BDT/USD
[2026-06-07 02:25:38] [info] Loaded cached rate: 122.75 BDT/USD
[2026-06-07 02:26:38] [info] Loaded cached rate: 122.75 BDT/USD
[2026-06-07 02:26:38] [info] Loaded cached rate: 122.75 BDT/USD
[2026-06-07 02:26:38] [info] Loaded cached rate: 122.75 BDT/USD
[2026-06-07 02:27:38] [info] Loaded cached rate: 122.75 BDT/USD
[2026-06-07 02:27:38] [info] Loaded cached rate: 122.75 BDT/USD
[2026-06-07 02:27:38] [info] Loaded cached rate: 122.75 BDT/USD
[2026-06-07 02:28:38] [info] Loaded cached rate: 122.75 BDT/USD
[2026-06-07 02:28:38] [info] Loaded cached rate: 122.75 BDT/USD
[2026-06-07 02:28:38] [info] Loaded cached rate: 122.75 BDT/USD
[2026-06-07 02:29:38] [info] Loaded cached rate: 122.75 BDT/USD
[2026-06-07 02:29:38] [info] Loaded cached rate: 122.75 BDT/USD
[2026-06-07 02:29:38] [info] Loaded cached rate: 122.75 BDT/USD
[2026-06-07 02:30:38] [info] Loaded cached rate: 122.75 BDT/USD
[2026-06-07 02:30:38] [info] Loaded cached rate: 122.75 BDT/USD
[2026-06-07 02:30:38] [info] Loaded cached rate: 122.75 BDT/USD
[2026-06-07 02:31:38] [info] Loaded cached rate: 122.75 BDT/USD
[2026-06-07 02:31:38] [info] Loaded cached rate: 122.75 BDT/USD
[2026-06-07 02:31:38] [info] Loaded cached rate: 122.75 BDT/USD
[2026-06-07 02:32:38] [info] Loaded cached rate: 122.75 BDT/USD
[2026-06-07 02:32:38] [info] Loaded cached rate: 122.75 BDT/USD
[2026-06-07 02:32:38] [info] Loaded cached rate: 122.75 BDT/USD
[2026-06-07 02:33:38] [info] Fetching fresh exchange rate...
[2026-06-07 02:33:38] [info] Fetching rate from hexarate
[2026-06-07 02:33:38] [info] Fetching fresh exchange rate...
[2026-06-07 02:33:38] [info] Fetching rate from hexarate
[2026-06-07 02:33:38] [info] Fetching fresh exchange rate...
[2026-06-07 02:33:38] [info] Fetching rate from hexarate
[2026-06-07 02:33:38] [info] Successfully fetched rate from hexarate: 122.75
[2026-06-07 02:33:38] [info] Successfully fetched rate from hexarate: 122.75
[2026-06-07 02:33:38] [info] Cached rate: 122.75 BDT/USD from hexarate
[2026-06-07 02:33:38] [info] Cached rate: 122.75 BDT/USD from hexarate
[2026-06-07 02:33:38] [info] Successfully fetched rate from hexarate: 122.75
[2026-06-07 02:33:38] [info] Cached rate: 122.75 BDT/USD from hexarate
[2026-06-07 02:34:38] [info] Loaded cached rate: 122.75 BDT/USD
[2026-06-07 02:34:38] [info] Loaded cached rate: 122.75 BDT/USD
[2026-06-07 02:34:38] [info] Loaded cached rate: 122.75 BDT/USD
[2026-06-07 02:35:38] [info] Loaded cached rate: 122.75 BDT/USD
[2026-06-07 02:35:38] [info] Loaded cached rate: 122.75 BDT/USD
[2026-06-07 02:35:38] [info] Loaded cached rate: 122.75 BDT/USD
[2026-06-07 02:36:38] [info] Loaded cached rate: 122.75 BDT/USD
[2026-06-07 02:36:38] [info] Loaded cached rate: 122.75 BDT/USD
[2026-06-07 02:36:38] [info] Loaded cached rate: 122.75 BDT/USD
[2026-06-07 02:37:38] [info] Loaded cached rate: 122.75 BDT/USD
[2026-06-07 02:37:38] [info] Loaded cached rate: 122.75 BDT/USD
[2026-06-07 02:37:38] [info] Loaded cached rate: 122.75 BDT/USD
[2026-06-07 02:38:38] [info] Loaded cached rate: 122.75 BDT/USD
[2026-06-07 02:38:38] [info] Loaded cached rate: 122.75 BDT/USD
[2026-06-07 02:38:38] [info] Loaded cached rate: 122.75 BDT/USD
[2026-06-07 02:39:38] [info] Loaded cached rate: 122.75 BDT/USD
[2026-06-07 02:39:38] [info] Loaded cached rate: 122.75 BDT/USD
[2026-06-07 02:39:38] [info] Loaded cached rate: 122.75 BDT/USD
[2026-06-07 02:40:38] [info] Loaded cached rate: 122.75 BDT/USD
[2026-06-07 02:40:38] [info] Loaded cached rate: 122.75 BDT/USD
[2026-06-07 02:40:38] [info] Loaded cached rate: 122.75 BDT/USD
[2026-06-07 02:41:38] [info] Loaded cached rate: 122.75 BDT/USD
[2026-06-07 02:41:38] [info] Loaded cached rate: 122.75 BDT/USD
[2026-06-07 02:41:38] [info] Loaded cached rate: 122.75 BDT/USD
[2026-06-07 02:42:38] [info] Loaded cached rate: 122.75 BDT/USD
[2026-06-07 02:42:38] [info] Loaded cached rate: 122.75 BDT/USD
[2026-06-07 02:42:38] [info] Loaded cached rate: 122.75 BDT/USD
[2026-06-07 02:43:38] [info] Loaded cached rate: 122.75 BDT/USD
[2026-06-07 02:43:38] [info] Loaded cached rate: 122.75 BDT/USD
[2026-06-07 02:43:38] [info] Loaded cached rate: 122.75 BDT/USD
[2026-06-07 02:44:40] [info] Loaded cached rate: 122.75 BDT/USD
[2026-06-07 02:44:40] [info] Loaded cached rate: 122.75 BDT/USD
[2026-06-07 02:44:40] [info] Loaded cached rate: 122.75 BDT/USD
[2026-06-07 02:45:00] [info] Loaded cached rate: 122.75 BDT/USD
[2026-06-07 02:45:01] [info] Loaded cached rate: 122.75 BDT/USD
[2026-06-07 02:45:02] [info] Loaded cached rate: 122.75 BDT/USD
